2026-06-25 14:55:37,315 INFO o.a.j.u.JMeterUtils: Setting Locale to en_EN
2026-06-25 14:55:37,326 INFO o.a.j.JMeter: Loading user properties from: /opt/homebrew/Cellar/jmeter/5.6.3/libexec/bin/user.properties
2026-06-25 14:55:37,327 INFO o.a.j.JMeter: Loading system properties from: /opt/homebrew/Cellar/jmeter/5.6.3/libexec/bin/system.properties
2026-06-25 14:55:37,327 INFO o.a.j.JMeter: Setting JMeter property: users=10
2026-06-25 14:55:37,327 INFO o.a.j.JMeter: Setting JMeter property: duration=600
2026-06-25 14:55:37,327 INFO o.a.j.JMeter: Setting JMeter property: csv=/Users/emilymansell/Documents/lsp-stress-testing/search/../discovery-api/api-search-paths.csv
2026-06-25 14:55:37,327 INFO o.a.j.JMeter: Setting JMeter property: domain=qa-platform.nypl.org
2026-06-25 14:55:37,327 INFO o.a.j.JMeter: Setting JMeter property: delay=3000
2026-06-25 14:55:37,330 INFO o.a.j.JMeter: Copyright (c) 1998-2024 The Apache Software Foundation
2026-06-25 14:55:37,330 INFO o.a.j.JMeter: Version 5.6.3
2026-06-25 14:55:37,330 INFO o.a.j.JMeter: java.version=21.0.11
2026-06-25 14:55:37,330 INFO o.a.j.JMeter: java.vm.name=OpenJDK 64-Bit Server VM
2026-06-25 14:55:37,330 INFO o.a.j.JMeter: os.name=Mac OS X
2026-06-25 14:55:37,330 INFO o.a.j.JMeter: os.arch=aarch64
2026-06-25 14:55:37,330 INFO o.a.j.JMeter: os.version=15.7.4
2026-06-25 14:55:37,330 INFO o.a.j.JMeter: file.encoding=UTF-8
2026-06-25 14:55:37,330 INFO o.a.j.JMeter: java.awt.headless=true
2026-06-25 14:55:37,330 INFO o.a.j.JMeter: Max memory     =1073741824
2026-06-25 14:55:37,330 INFO o.a.j.JMeter: Available Processors =12
2026-06-25 14:55:37,336 INFO o.a.j.JMeter: Default Locale=English (EN)
2026-06-25 14:55:37,336 INFO o.a.j.JMeter: JMeter  Locale=English (EN)
2026-06-25 14:55:37,336 INFO o.a.j.JMeter: JMeterHome=/opt/homebrew/Cellar/jmeter/5.6.3/libexec
2026-06-25 14:55:37,336 INFO o.a.j.JMeter: user.dir  =/Users/emilymansell/Documents/lsp-stress-testing/search
2026-06-25 14:55:37,336 INFO o.a.j.JMeter: PWD       =/Users/emilymansell/Documents/lsp-stress-testing/search
2026-06-25 14:55:37,338 INFO o.a.j.JMeter: IP: 10.160.39.51 Name: MA-CDOAD-088491 FullName: 10.160.39.51
2026-06-25 14:55:37,345 INFO o.a.j.s.FileServer: Default base='/Users/emilymansell/Documents/lsp-stress-testing/search'
2026-06-25 14:55:37,345 INFO o.a.j.s.FileServer: Set new base='/Users/emilymansell/Documents/lsp-stress-testing/search/..'
2026-06-25 14:55:37,429 INFO o.a.j.s.SaveService: Testplan (JMX) version: 2.2. Testlog (JTL) version: 2.2
2026-06-25 14:55:37,450 INFO o.a.j.s.SaveService: Using SaveService properties version 5.0
2026-06-25 14:55:37,451 INFO o.a.j.s.SaveService: Using SaveService properties file encoding UTF-8
2026-06-25 14:55:37,452 INFO o.a.j.s.SaveService: Loading file: ../generic-api-jmeter-test-plan.jmx
2026-06-25 14:55:37,482 INFO o.a.j.p.h.s.HTTPSamplerBase: Parser for text/html is org.apache.jmeter.protocol.http.parser.LagartoBasedHtmlParser
2026-06-25 14:55:37,482 INFO o.a.j.p.h.s.HTTPSamplerBase: Parser for application/xhtml+xml is org.apache.jmeter.protocol.http.parser.LagartoBasedHtmlParser
2026-06-25 14:55:37,482 INFO o.a.j.p.h.s.HTTPSamplerBase: Parser for application/xml is org.apache.jmeter.protocol.http.parser.LagartoBasedHtmlParser
2026-06-25 14:55:37,482 INFO o.a.j.p.h.s.HTTPSamplerBase: Parser for text/xml is org.apache.jmeter.protocol.http.parser.LagartoBasedHtmlParser
2026-06-25 14:55:37,482 INFO o.a.j.p.h.s.HTTPSamplerBase: Parser for text/vnd.wap.wml is org.apache.jmeter.protocol.http.parser.RegexpHTMLParser
2026-06-25 14:55:37,482 INFO o.a.j.p.h.s.HTTPSamplerBase: Parser for text/css is org.apache.jmeter.protocol.http.parser.CssParser
2026-06-25 14:55:37,493 INFO o.a.j.JMeter: Creating summariser <summary>
2026-06-25 14:55:37,499 INFO o.a.j.e.StandardJMeterEngine: Running the test!
2026-06-25 14:55:37,500 INFO o.a.j.s.SampleEvent: List of sample_variables: []
2026-06-25 14:55:37,500 INFO o.a.j.s.SampleEvent: List of sample_variables: []
2026-06-25 14:55:37,501 INFO o.a.j.e.u.CompoundVariable: Note: Function class names must contain the string: '.functions.'
2026-06-25 14:55:37,501 INFO o.a.j.e.u.CompoundVariable: Note: Function class names must not contain the string: '.gui.'
2026-06-25 14:55:37,526 INFO o.a.j.r.ClassFinder: Will scan jar /opt/homebrew/Cellar/jmeter/5.6.3/libexec/lib/ext/jmeter-plugins-manager-1.9.jar with filter ExtendsClassFilter [parents=[interface org.apache.jmeter.functions.Function], inner=false, contains=null, notContains=null]. Consider exposing JMeter plugins via META-INF/services, and add JMeter-Skip-Class-Scanning=true manifest attribute so JMeter can skip classfile scanning
2026-06-25 14:55:37,573 INFO o.a.j.JMeter: Running test (1782413737572)
2026-06-25 14:55:37,581 INFO o.a.j.e.StandardJMeterEngine: Starting ThreadGroup: 1 : API Thread Group
2026-06-25 14:55:37,581 INFO o.a.j.e.StandardJMeterEngine: Starting 10 threads for group API Thread Group.
2026-06-25 14:55:37,581 INFO o.a.j.e.StandardJMeterEngine: Thread will continue on error
2026-06-25 14:55:37,581 INFO o.a.j.t.ThreadGroup: Starting thread group... number=1 threads=10 ramp-up=1 delayedStart=false
2026-06-25 14:55:37,585 INFO o.a.j.t.ThreadGroup: Started thread group number 1
2026-06-25 14:55:37,585 INFO o.a.j.e.StandardJMeterEngine: All thread groups have been started
2026-06-25 14:55:37,616 INFO o.a.j.t.JMeterThread: Thread started: API Thread Group 1-1
2026-06-25 14:55:37,616 INFO o.a.j.s.FileServer: Stored: /Users/emilymansell/Documents/lsp-stress-testing/search/../discovery-api/api-search-paths.csv
2026-06-25 14:55:37,720 INFO o.a.j.t.JMeterThread: Thread started: API Thread Group 1-2
2026-06-25 14:55:37,819 INFO o.a.j.t.JMeterThread: Thread started: API Thread Group 1-3
2026-06-25 14:55:37,918 INFO o.a.j.t.JMeterThread: Thread started: API Thread Group 1-4
2026-06-25 14:55:38,015 INFO o.a.j.t.JMeterThread: Thread started: API Thread Group 1-5
2026-06-25 14:55:38,118 INFO o.a.j.t.JMeterThread: Thread started: API Thread Group 1-6
2026-06-25 14:55:38,214 INFO o.a.j.t.JMeterThread: Thread started: API Thread Group 1-7
2026-06-25 14:55:38,315 INFO o.a.j.t.JMeterThread: Thread started: API Thread Group 1-8
2026-06-25 14:55:38,418 INFO o.a.j.t.JMeterThread: Thread started: API Thread Group 1-9
2026-06-25 14:55:38,518 INFO o.a.j.t.JMeterThread: Thread started: API Thread Group 1-10
2026-06-25 14:55:40,637 INFO o.a.j.p.h.s.HTTPHCAbstractImpl: Local host = MA-CDOAD-088491
2026-06-25 14:55:40,640 INFO o.a.j.p.h.s.HTTPHC4Impl: HTTP request retry count = 0
2026-06-25 14:55:40,640 INFO o.a.j.s.SampleResult: Note: Sample TimeStamps are START times
2026-06-25 14:55:40,640 INFO o.a.j.s.SampleResult: sampleresult.default.encoding is set to UTF-8
2026-06-25 14:55:40,640 INFO o.a.j.s.SampleResult: sampleresult.useNanoTime=true
2026-06-25 14:55:40,640 INFO o.a.j.s.SampleResult: sampleresult.nanoThreadSleep=5000
2026-06-25 14:55:40,731 INFO o.a.j.p.h.s.h.LazyLayeredConnectionSocketFactory: Setting up HTTPS TrustAll Socket Factory
2026-06-25 14:55:40,734 INFO o.a.j.u.JsseSSLManager: Using default SSL protocol: TLS
2026-06-25 14:55:40,734 INFO o.a.j.u.JsseSSLManager: SSL session context: per-thread
2026-06-25 14:55:40,771 INFO o.a.j.u.SSLManager: JmeterKeyStore Location:  type JKS
2026-06-25 14:55:40,773 INFO o.a.j.u.SSLManager: KeyStore created OK
2026-06-25 14:55:40,773 WARN o.a.j.u.SSLManager: Keystore file not found, loading empty keystore
2026-06-25 14:56:01,738 INFO o.a.j.r.Summariser: summary +     30 in 00:00:24 =    1.2/s Avg:  3460 Min:    40 Max:  8973 Err:     4 (13.33%) Active: 10 Started: 10 Finished: 0
