2026-06-23 15:47:39,059 INFO o.a.j.u.JMeterUtils: Setting Locale to en_EN
2026-06-23 15:47:39,069 INFO o.a.j.JMeter: Loading user properties from: /opt/homebrew/Cellar/jmeter/5.6.3/libexec/bin/user.properties
2026-06-23 15:47:39,070 INFO o.a.j.JMeter: Loading system properties from: /opt/homebrew/Cellar/jmeter/5.6.3/libexec/bin/system.properties
2026-06-23 15:47:39,072 INFO o.a.j.JMeter: Copyright (c) 1998-2024 The Apache Software Foundation
2026-06-23 15:47:39,072 INFO o.a.j.JMeter: Version 5.6.3
2026-06-23 15:47:39,073 INFO o.a.j.JMeter: java.version=21.0.11
2026-06-23 15:47:39,073 INFO o.a.j.JMeter: java.vm.name=OpenJDK 64-Bit Server VM
2026-06-23 15:47:39,073 INFO o.a.j.JMeter: os.name=Mac OS X
2026-06-23 15:47:39,073 INFO o.a.j.JMeter: os.arch=aarch64
2026-06-23 15:47:39,073 INFO o.a.j.JMeter: os.version=15.7.4
2026-06-23 15:47:39,073 INFO o.a.j.JMeter: file.encoding=UTF-8
2026-06-23 15:47:39,073 INFO o.a.j.JMeter: java.awt.headless=true
2026-06-23 15:47:39,073 INFO o.a.j.JMeter: Max memory     =1073741824
2026-06-23 15:47:39,073 INFO o.a.j.JMeter: Available Processors =12
2026-06-23 15:47:39,077 INFO o.a.j.JMeter: Default Locale=English (EN)
2026-06-23 15:47:39,077 INFO o.a.j.JMeter: JMeter  Locale=English (EN)
2026-06-23 15:47:39,077 INFO o.a.j.JMeter: JMeterHome=/opt/homebrew/Cellar/jmeter/5.6.3/libexec
2026-06-23 15:47:39,077 INFO o.a.j.JMeter: user.dir  =/Users/emilymansell/Documents/lsp-stress-testing/discovery-api
2026-06-23 15:47:39,078 INFO o.a.j.JMeter: PWD       =/Users/emilymansell/Documents/lsp-stress-testing/discovery-api
2026-06-23 15:47:39,079 INFO o.a.j.JMeter: IP: 10.160.39.51 Name: MA-CDOAD-088491 FullName: 10.160.39.51
2026-06-23 15:47:39,085 INFO o.a.j.JMeter: Setting property 'jmeter.reportgenerator.outputdir' to:'/Users/emilymansell/Documents/lsp-stress-testing/discovery-api/runs/discovery-api-log-dashboard-202606231537-my-test'
2026-06-23 15:47:39,087 INFO o.a.j.r.d.ReportGenerator: ReportGenerator will use for Parsing the separator: ','
2026-06-23 15:47:39,087 INFO o.a.j.r.d.ReportGenerator: Will only generate report from results file: ./runs/discovery-api-log-202606231537-my-test.jtl
2026-06-23 15:47:39,087 INFO o.a.j.r.d.ReportGenerator: Reading report generator properties from: /opt/homebrew/Cellar/jmeter/5.6.3/libexec/bin/reportgenerator.properties
2026-06-23 15:47:39,088 INFO o.a.j.r.d.ReportGenerator: Merging with JMeter properties
2026-06-23 15:47:39,089 INFO o.a.j.r.c.ReportGeneratorConfiguration: Property 'jmeter.reportgenerator.temp_dir' not found, using default value 'temp' instead.
2026-06-23 15:47:39,090 INFO o.a.j.r.c.ReportGeneratorConfiguration: Property 'jmeter.reportgenerator.apdex_per_transaction' not found, using default value 'null' instead.
2026-06-23 15:47:39,095 INFO o.a.j.r.c.ReportGeneratorConfiguration: apdex_per_transaction is empty, not APDEX per transaction customization
2026-06-23 15:47:39,095 INFO o.a.j.r.c.ReportGeneratorConfiguration: Property 'jmeter.reportgenerator.sample_filter' not found, using default value 'null' instead.
2026-06-23 15:47:39,095 INFO o.a.j.r.c.ReportGeneratorConfiguration: Property 'jmeter.reportgenerator.report_title' not found, using default value 'null' instead.
2026-06-23 15:47:39,095 INFO o.a.j.r.c.ReportGeneratorConfiguration: Property 'jmeter.reportgenerator.start_date' not found, using default value 'null' instead.
2026-06-23 15:47:39,095 INFO o.a.j.r.c.ReportGeneratorConfiguration: Property 'jmeter.reportgenerator.end_date' not found, using default value 'null' instead.
2026-06-23 15:47:39,095 INFO o.a.j.r.c.ReportGeneratorConfiguration: Property 'jmeter.reportgenerator.date_format' not found, using default value 'null' instead.
2026-06-23 15:47:39,095 INFO o.a.j.r.c.ReportGeneratorConfiguration: Will use date range start date: null, end date: null
2026-06-23 15:47:39,097 INFO o.a.j.r.c.ReportGeneratorConfiguration: Property 'jmeter.reportgenerator.graph.totalTPS.exclude_controllers' not found, using default value 'false' instead.
2026-06-23 15:47:39,097 INFO o.a.j.r.c.ReportGeneratorConfiguration: Property 'jmeter.reportgenerator.graph.activeThreadsOverTime.exclude_controllers' not found, using default value 'false' instead.
2026-06-23 15:47:39,097 INFO o.a.j.r.c.ReportGeneratorConfiguration: Property 'jmeter.reportgenerator.graph.timeVsThreads.exclude_controllers' not found, using default value 'false' instead.
2026-06-23 15:47:39,097 INFO o.a.j.r.c.ReportGeneratorConfiguration: Property 'jmeter.reportgenerator.graph.responseTimeDistribution.exclude_controllers' not found, using default value 'false' instead.
2026-06-23 15:47:39,097 INFO o.a.j.r.c.ReportGeneratorConfiguration: Property 'jmeter.reportgenerator.graph.transactionsPerSecond.exclude_controllers' not found, using default value 'false' instead.
2026-06-23 15:47:39,097 INFO o.a.j.r.c.ReportGeneratorConfiguration: Property 'jmeter.reportgenerator.graph.responseTimePercentiles.exclude_controllers' not found, using default value 'false' instead.
2026-06-23 15:47:39,097 INFO o.a.j.r.c.ReportGeneratorConfiguration: Property 'jmeter.reportgenerator.graph.responseTimePercentilesOverTime.exclude_controllers' not found, using default value 'false' instead.
2026-06-23 15:47:39,097 INFO o.a.j.r.c.ReportGeneratorConfiguration: Property 'jmeter.reportgenerator.graph.responseTimesOverTime.exclude_controllers' not found, using default value 'false' instead.
2026-06-23 15:47:39,097 INFO o.a.j.r.c.ReportGeneratorConfiguration: Property 'jmeter.reportgenerator.graph.connectTimeOverTime.exclude_controllers' not found, using default value 'false' instead.
2026-06-23 15:47:39,097 INFO o.a.j.r.c.ReportGeneratorConfiguration: Property 'jmeter.reportgenerator.graph.latenciesOverTime.exclude_controllers' not found, using default value 'false' instead.
2026-06-23 15:47:39,098 INFO o.a.j.r.c.ReportGeneratorConfiguration: Property 'jmeter.reportgenerator.exporter.json.filters_only_sample_series' not found, using default value 'true' instead.
2026-06-23 15:47:39,098 INFO o.a.j.r.c.ReportGeneratorConfiguration: Property 'jmeter.reportgenerator.exporter.json.series_filter' not found, using default value '' instead.
2026-06-23 15:47:39,098 INFO o.a.j.r.c.ReportGeneratorConfiguration: Property 'jmeter.reportgenerator.exporter.json.show_controllers_only' not found, using default value 'false' instead.
2026-06-23 15:47:39,098 INFO o.a.j.r.c.ReportGeneratorConfiguration: Property 'jmeter.reportgenerator.exporter.html.filters_only_sample_series' not found, using default value 'true' instead.
2026-06-23 15:47:39,098 INFO o.a.j.r.c.ReportGeneratorConfiguration: Property 'jmeter.reportgenerator.exporter.html.series_filter' not found, using default value '' instead.
2026-06-23 15:47:39,098 INFO o.a.j.r.c.ReportGeneratorConfiguration: Property 'jmeter.reportgenerator.exporter.html.show_controllers_only' not found, using default value 'false' instead.
2026-06-23 15:47:39,173 INFO o.a.j.s.SaveService: Testplan (JMX) version: 2.2. Testlog (JTL) version: 2.2
2026-06-23 15:47:39,189 INFO o.a.j.s.SaveService: Using SaveService properties version 5.0
2026-06-23 15:47:39,191 INFO o.a.j.s.SaveService: Using SaveService properties file encoding UTF-8
2026-06-23 15:47:39,202 INFO o.a.j.r.p.NormalizerSampleConsumer: Using format, 'ms', to parse timeStamp field
2026-06-23 15:47:39,255 INFO o.a.j.r.p.AbstractSampleConsumer: class org.apache.jmeter.report.processor.AggregateConsumer#stopProducing(): beginDate produced 0 samples
2026-06-23 15:47:39,255 INFO o.a.j.r.p.AbstractSampleConsumer: class org.apache.jmeter.report.processor.AggregateConsumer#stopProducing(): endDate produced 0 samples
2026-06-23 15:47:39,256 INFO o.a.j.r.p.AbstractSampleConsumer: class org.apache.jmeter.report.processor.ApdexSummaryConsumer#stopProducing(): apdexSummary produced 0 samples
2026-06-23 15:47:39,256 INFO o.a.j.r.p.AbstractSampleConsumer: class org.apache.jmeter.report.processor.RequestsSummaryConsumer#stopProducing(): requestsSummary produced 0 samples
2026-06-23 15:47:39,258 INFO o.a.j.r.p.AbstractSampleConsumer: class org.apache.jmeter.report.processor.StatisticsSummaryConsumer#stopProducing(): statisticsSummary produced 0 samples
2026-06-23 15:47:39,259 INFO o.a.j.r.p.AbstractSampleConsumer: class org.apache.jmeter.report.processor.Top5ErrorsBySamplerConsumer#stopProducing(): top5ErrorsBySampler produced 0 samples
2026-06-23 15:47:39,259 INFO o.a.j.r.p.AbstractSampleConsumer: class org.apache.jmeter.report.processor.ErrorsSummaryConsumer#stopProducing(): errorsSummary produced 0 samples
2026-06-23 15:47:39,259 INFO o.a.j.r.p.AbstractSampleConsumer: class org.apache.jmeter.report.processor.graph.impl.HitsPerSecondGraphConsumer#stopProducing(): hitsPerSecond produced 0 samples
2026-06-23 15:47:39,271 INFO o.a.j.r.p.AbstractSampleConsumer: class org.apache.jmeter.report.processor.graph.impl.LatencyVSRequestGraphConsumer#stopProducing(): latencyVsRequest produced 0 samples
2026-06-23 15:47:39,271 INFO o.a.j.r.p.AbstractSampleConsumer: class org.apache.jmeter.report.processor.graph.impl.SyntheticResponseTimeDistributionGraphConsumer#stopProducing(): syntheticResponseTimeDistribution produced 0 samples
2026-06-23 15:47:39,272 INFO o.a.j.r.p.AbstractSampleConsumer: class org.apache.jmeter.report.processor.graph.impl.BytesThroughputGraphConsumer#stopProducing(): bytesThroughputOverTime produced 0 samples
2026-06-23 15:47:39,272 INFO o.a.j.r.p.AbstractSampleConsumer: class org.apache.jmeter.report.processor.graph.impl.CodesPerSecondGraphConsumer#stopProducing(): codesPerSecond produced 0 samples
2026-06-23 15:47:39,277 INFO o.a.j.r.p.AbstractSampleConsumer: class org.apache.jmeter.report.processor.graph.impl.ResponseTimeVSRequestGraphConsumer#stopProducing(): responseTimeVsRequest produced 0 samples
2026-06-23 15:47:39,277 INFO o.a.j.r.p.AbstractSampleConsumer: class org.apache.jmeter.report.processor.FilterConsumer#stopProducing(): startIntervalControlerFilter produced 5033 samples
2026-06-23 15:47:39,277 INFO o.a.j.r.p.AbstractSampleConsumer: class org.apache.jmeter.report.processor.graph.impl.TotalTPSGraphConsumer#stopProducing(): totalTPS produced 0 samples
2026-06-23 15:47:39,277 INFO o.a.j.r.p.AbstractSampleConsumer: class org.apache.jmeter.report.processor.graph.impl.ActiveThreadsGraphConsumer#stopProducing(): activeThreadsOverTime produced 0 samples
2026-06-23 15:47:39,277 INFO o.a.j.r.p.AbstractSampleConsumer: class org.apache.jmeter.report.processor.graph.impl.TimeVSThreadGraphConsumer#stopProducing(): timeVsThreads produced 0 samples
2026-06-23 15:47:39,277 INFO o.a.j.r.p.AbstractSampleConsumer: class org.apache.jmeter.report.processor.graph.impl.ResponseTimeDistributionGraphConsumer#stopProducing(): responseTimeDistribution produced 0 samples
2026-06-23 15:47:39,277 INFO o.a.j.r.p.AbstractSampleConsumer: class org.apache.jmeter.report.processor.graph.impl.TransactionsPerSecondGraphConsumer#stopProducing(): transactionsPerSecond produced 0 samples
2026-06-23 15:47:39,277 INFO o.a.j.r.p.AbstractSampleConsumer: class org.apache.jmeter.report.processor.graph.impl.ResponseTimePercentilesGraphConsumer#stopProducing(): responseTimePercentiles produced 0 samples
2026-06-23 15:47:39,279 INFO o.a.j.r.p.AbstractSampleConsumer: class org.apache.jmeter.report.processor.graph.impl.ResponseTimePercentilesOverTimeGraphConsumer#stopProducing(): responseTimePercentilesOverTime produced 0 samples
2026-06-23 15:47:39,279 INFO o.a.j.r.p.AbstractSampleConsumer: class org.apache.jmeter.report.processor.graph.impl.ResponseTimeOverTimeGraphConsumer#stopProducing(): responseTimesOverTime produced 0 samples
2026-06-23 15:47:39,279 INFO o.a.j.r.p.AbstractSampleConsumer: class org.apache.jmeter.report.processor.graph.impl.ConnectTimeOverTimeGraphConsumer#stopProducing(): connectTimeOverTime produced 0 samples
2026-06-23 15:47:39,279 INFO o.a.j.r.p.AbstractSampleConsumer: class org.apache.jmeter.report.processor.graph.impl.LatencyOverTimeGraphConsumer#stopProducing(): latenciesOverTime produced 0 samples
2026-06-23 15:47:39,279 INFO o.a.j.r.p.AbstractSampleConsumer: class org.apache.jmeter.report.processor.FilterConsumer#stopProducing(): nameFilter produced 10785 samples
2026-06-23 15:47:39,279 INFO o.a.j.r.p.AbstractSampleConsumer: class org.apache.jmeter.report.processor.FilterConsumer#stopProducing(): dateRangeFilter produced 2157 samples
2026-06-23 15:47:39,279 INFO o.a.j.r.p.AbstractSampleConsumer: class org.apache.jmeter.report.processor.NormalizerSampleConsumer#stopProducing(): normalizer produced 719 samples
2026-06-23 15:47:39,279 INFO o.a.j.r.p.CsvFileSampleSource: produce(): 719 samples produced in 68ms on channel 0
2026-06-23 15:47:39,279 INFO o.a.j.r.d.ReportGenerator: Exporting data using exporter:'json' of className:'org.apache.jmeter.report.dashboard.JsonExporter'
2026-06-23 15:47:39,309 INFO o.a.j.r.d.JsonExporter: Found data for consumer statisticsSummary in context
2026-06-23 15:47:39,309 INFO o.a.j.r.d.JsonExporter: Creating statistics for overall
2026-06-23 15:47:39,309 INFO o.a.j.r.d.JsonExporter: Creating statistics for other transactions
2026-06-23 15:47:39,309 INFO o.a.j.r.d.JsonExporter: Checking output folder
2026-06-23 15:47:39,310 INFO o.a.j.r.d.JsonExporter: Writing statistics JSON to /Users/emilymansell/Documents/lsp-stress-testing/discovery-api/runs/discovery-api-log-dashboard-202606231537-my-test/statistics.json
2026-06-23 15:47:39,328 INFO o.a.j.r.d.ReportGenerator: Exporting data using exporter:'html' of className:'org.apache.jmeter.report.dashboard.HtmlTemplateExporter'
2026-06-23 15:47:39,329 INFO o.a.j.r.d.HtmlTemplateExporter: Will generate dashboard in folder: /Users/emilymansell/Documents/lsp-stress-testing/discovery-api/runs/discovery-api-log-dashboard-202606231537-my-test
2026-06-23 15:47:39,376 INFO o.a.j.r.d.HtmlTemplateExporter: Report will be generated in: /Users/emilymansell/Documents/lsp-stress-testing/discovery-api/runs/discovery-api-log-dashboard-202606231537-my-test, creating folder structure
2026-06-23 15:47:39,377 INFO o.a.j.r.d.TemplateVisitor: Copying folder from '/opt/homebrew/Cellar/jmeter/5.6.3/libexec/bin/report-template' to '/Users/emilymansell/Documents/lsp-stress-testing/discovery-api/runs/discovery-api-log-dashboard-202606231537-my-test', got message: /Users/emilymansell/Documents/lsp-stress-testing/discovery-api/runs/discovery-api-log-dashboard-202606231537-my-test, found non empty folder with following content [/Users/emilymansell/Documents/lsp-stress-testing/discovery-api/runs/discovery-api-log-dashboard-202606231537-my-test/statistics.json], will be ignored
